// Jest Snapshot v1, https://goo.gl/fbAQLP

exports[`WorkspaceList should render as expected 1`] = `
Array [
  <div
    style={
        Object {
            "alignItems": "center",
            "backgroundColor": "white",
            "borderBottom": "2px solid #2691d0",
            "display": "flex",
            "flex": "none",
            "height": 80,
            "paddingLeft": "1rem",
          }
    }
>
    <clr-icon
        onClick={[Function]}
        shape="bars"
        size={36}
        style={
            Object {
                "color": "#8b5f95",
                "cursor": "pointer",
                "marginRight": "2rem",
              }
        }
    />
    <a
        href={undefined}
        style={
            Object {
                "alignItems": "center",
                "color": "#224f83",
                "display": "flex",
                "fontSize": 22,
                "fontWeight": 500,
                "textTransform": "uppercase",
              }
        }
    >
        <clr-icon
            shape="logoIcon"
            size={48}
            style={
                Object {
                    "marginRight": "0.5rem",
                  }
            }
        />
        <div>
            <div
                style={
                    Object {
                        "color": "#8299a5",
                        "fontSize": "0.8rem",
                        "marginLeft": "0.1rem",
                      }
                }
            >
                Saturn
            </div>
            Workspaces
        </div>
    </a>
    <div
        style={
            Object {
                "borderBottom": "1px solid black",
                "display": "flex",
                "flexGrow": 1,
                "marginLeft": "2rem",
                "maxWidth": 500,
                "padding": "0.5rem 0",
              }
        }
    >
        <clr-icon
            shape="search"
        />
        <input
            onChange={[Function]}
            placeholder="SEARCH BIOSPHERE"
            style={
                Object {
                    "border": "none",
                    "flexGrow": 1,
                    "marginLeft": "1rem",
                    "outline": "none",
                    "verticalAlign": "bottom",
                  }
            }
            value=""
        />
    </div>
</div>,
  <div
    style={
        Object {
            "alignItems": "flex-end",
            "display": "flex",
            "flex": "none",
            "margin": "1rem 4.5rem",
          }
    }
>
    <div
        style={
            Object {
                "color": "#224f83",
                "fontSize": 16,
                "fontWeight": 500,
                "textTransform": "uppercase",
              }
        }
    >
        Workspaces
    </div>
    <div
        style={
            Object {
                "backgroundColor": "white",
                "borderRadius": 3,
                "display": "flex",
                "marginLeft": "auto",
              }
        }
    >
        <div
            disabled={undefined}
            onBlur={[Function]}
            onClick={[Function]}
            onDragEnd={[Function]}
            onDragStart={[Function]}
            onFocus={[Function]}
            onKeyDown={[Function]}
            onKeyUp={[Function]}
            onMouseDown={[Function]}
            onMouseEnter={[Function]}
            onMouseLeave={[Function]}
            onMouseMove={[Function]}
            onMouseUp={[Function]}
            role="button"
            style={
                Object {
                    "alignItems": "center",
                    "color": "#5faee0",
                    "cursor": "pointer",
                    "display": "flex",
                    "height": "2.25rem",
                    "justifyContent": "center",
                    "outline": 0,
                    "outlineOffset": 0,
                    "width": "3rem",
                  }
            }
            tabIndex="0"
        >
            <clr-icon
                shape="view-cards"
                size={24}
            />
        </div>
        <div
            disabled={undefined}
            onBlur={[Function]}
            onClick={[Function]}
            onDragEnd={[Function]}
            onDragStart={[Function]}
            onFocus={[Function]}
            onKeyDown={[Function]}
            onKeyUp={[Function]}
            onMouseDown={[Function]}
            onMouseEnter={[Function]}
            onMouseLeave={[Function]}
            onMouseMove={[Function]}
            onMouseUp={[Function]}
            role="button"
            style={
                Object {
                    "alignItems": "center",
                    "color": "#2691d0",
                    "cursor": "pointer",
                    "display": "flex",
                    "height": "2.25rem",
                    "justifyContent": "center",
                    "outline": 0,
                    "outlineOffset": 0,
                    "width": "3rem",
                  }
            }
            tabIndex="0"
        >
            <clr-icon
                shape="view-list"
                size={24}
            />
        </div>
    </div>
</div>,
  <div
    style={
        Object {
            "display": "flex",
            "flexWrap": "wrap",
            "padding": "0 4rem",
            "position": "relative",
          }
    }
>
    <div
        disabled={undefined}
        onBlur={[Function]}
        onClick={[Function]}
        onDragEnd={[Function]}
        onDragStart={[Function]}
        onFocus={[Function]}
        onKeyDown={[Function]}
        onKeyUp={[Function]}
        onMouseDown={[Function]}
        onMouseEnter={[Function]}
        onMouseLeave={[Function]}
        onMouseMove={[Function]}
        onMouseUp={[Function]}
        role="button"
        style={
            Object {
                "backgroundColor": "white",
                "borderRadius": 5,
                "boxShadow": "0 3px 2px 0 rgba(0,0,0,0.12)",
                "color": "#2691d0",
                "cursor": "pointer",
                "display": "flex",
                "flexDirection": "column",
                "fontSize": 20,
                "height": 225,
                "justifyContent": "center",
                "lineHeight": "28px",
                "margin": "1rem 0.5rem",
                "outline": 0,
                "outlineOffset": 0,
                "padding": "1rem",
                "width": 300,
                "wordWrap": "break-word",
              }
        }
        tabIndex="0"
    >
        <div>
            Create a
        </div>
        <div>
            New Workspace
        </div>
        <clr-icon
            shape="plus-circle"
            size={32}
            style={
                Object {
                    "marginTop": "0.5rem",
                  }
            }
        />
    </div>
    <a
        href={undefined}
        style={
            Object {
                "backgroundColor": "white",
                "borderRadius": 5,
                "boxShadow": "0 3px 2px 0 rgba(0,0,0,0.12)",
                "display": "flex",
                "flexDirection": "column",
                "height": 225,
                "justifyContent": "space-between",
                "margin": "1rem 0.5rem",
                "padding": "1rem",
                "width": 300,
                "wordWrap": "break-word",
              }
        }
    >
        <div
            style={
                Object {
                    "color": "#2691d0",
                    "flex": "none",
                    "fontSize": 16,
                    "height": "40px",
                    "lineHeight": "20px",
                    "overflow": "hidden",
                    "wordWrap": "break-word",
                  }
            }
        >
            large_sample_copy
        </div>
        <div
            style={
                Object {
                    "flex": "none",
                    "height": "90px",
                    "lineHeight": "18px",
                    "overflow": "hidden",
                  }
            }
        >
            <span
                style={
                    Object {
                        "color": "#a6a6a6",
                      }
                }
            >
                No description added
            </span>
        </div>
        <div
            style={
                Object {
                    "alignItems": "center",
                    "display": "flex",
                  }
            }
        >
            <div
                style={
                    Object {
                        "flex": 1,
                      }
                }
            >
                Last changed: ***MOCKED DATE***
            </div>
            <div
                style={
                    Object {
                        "flex": "none",
                      }
                }
            >
                <div
                    style={
                        Object {
                            "backgroundColor": "#8b5f95",
                            "borderRadius": "1.5rem",
                            "color": "white",
                            "height": "1.5rem",
                            "lineHeight": "1.5rem",
                            "textAlign": "center",
                            "width": "1.5rem",
                          }
                    }
                    title="alice@example.com"
                >
                    A
                </div>
            </div>
        </div>
    </a>
    <a
        href={undefined}
        style={
            Object {
                "backgroundColor": "white",
                "borderRadius": 5,
                "boxShadow": "0 3px 2px 0 rgba(0,0,0,0.12)",
                "display": "flex",
                "flexDirection": "column",
                "height": 225,
                "justifyContent": "space-between",
                "margin": "1rem 0.5rem",
                "padding": "1rem",
                "width": 300,
                "wordWrap": "break-word",
              }
        }
    >
        <div
            style={
                Object {
                    "color": "#2691d0",
                    "flex": "none",
                    "fontSize": 16,
                    "height": "40px",
                    "lineHeight": "20px",
                    "overflow": "hidden",
                    "wordWrap": "break-word",
                  }
            }
        >
            large_sample_copy
        </div>
        <div
            style={
                Object {
                    "flex": "none",
                    "height": "90px",
                    "lineHeight": "18px",
                    "overflow": "hidden",
                  }
            }
        >
            <span
                style={
                    Object {
                        "color": "#a6a6a6",
                      }
                }
            >
                No description added
            </span>
        </div>
        <div
            style={
                Object {
                    "alignItems": "center",
                    "display": "flex",
                  }
            }
        >
            <div
                style={
                    Object {
                        "flex": 1,
                      }
                }
            >
                Last changed: ***MOCKED DATE***
            </div>
            <div
                style={
                    Object {
                        "flex": "none",
                      }
                }
            >
                <div
                    style={
                        Object {
                            "backgroundColor": "#8b5f95",
                            "borderRadius": "1.5rem",
                            "color": "white",
                            "height": "1.5rem",
                            "lineHeight": "1.5rem",
                            "textAlign": "center",
                            "width": "1.5rem",
                          }
                    }
                    title="alice@example.com"
                >
                    A
                </div>
            </div>
        </div>
    </a>
</div>,
]
`;
